// Jest Snapshot v1, https://goo.gl/fbAQLP

exports[`Post renders correctly 1`] = `
<div
  className="post"
>
  <div
    className="post__content"
  >
    <div
      className="content"
    >
      <h1
        className="content__title"
      >
        test
      </h1>
      <div
        className="content__body"
        dangerouslySetInnerHTML={
          Object {
            "__html": "<p>test</p>",
          }
        }
      />
    </div>
  </div>
  <div
    className="post__footer"
  >
    <div
      className="tags"
    >
      <ul
        className="tags__list"
      >
        <li
          className="tags__list-item"
        >
          <a
            className="tags__list-item-link"
            href="/test_0"
          >
            test_0
          </a>
        </li>
        <li
          className="tags__list-item"
        >
          <a
            className="tags__list-item-link"
            href="/test_1"
          >
            test_1
          </a>
        </li>
      </ul>
    </div>
    <div
      className="author"
    >
      <p
        className="author__bio"
      >
        <a
          href="/"
        >
          <img
            align="left"
            alt="Test name"
            className="author__photo"
            src="/test.jpg"
          />
        </a>
        <strong>
          <a
            href="/"
          >
             
            <font
              color="black"
              size="+2"
            >
              Test name
               
            </font>
             
          </a>
          <br />
          Test bio
           
        </strong>
        <a
          className="author__bio-twitter"
          href="https://www.twitter.com/#"
          rel="noopener noreferrer"
          target="_blank"
        >
          <strong>
            Follow me
          </strong>
           on Twitter
        </a>
      </p>
    </div>
  </div>
  <div
    className="post__comments"
  />
</div>
`;
